a: true
aa: true
aaa: true
aaaa: true
aaaaa: true
aaaaaa: true
aaaaaaa: true
